==============================================================================
Tests                                                                         
==============================================================================
Tests.testDemo1 :: To validate the Login form                                 
==============================================================================
Validate UnSuccesful Login :: Validate Unsuccesful Login              | PASS |
------------------------------------------------------------------------------
Tests.testDemo1 :: To validate the Login form                         | PASS |
1 test, 1 passed, 0 failed
==============================================================================
Tests                                                                 | PASS |
1 test, 1 passed, 0 failed
==============================================================================
Output:  /Users/chandrashekharsingh/Documents/RobotFramework_workSpace/RobotFramework/tests/pabot_results/0/output.xml
